Error at line 2: symbol 'gcd' has not been declared before this use!
