Error at line 4: symbol 'fun' is already declared!
