4
3
2
3
4
3
3
4
1
0
4
5
4
3
5
6
4
3
6
7
4
3
7
8
4
3
8
9
4
3
9
10
4
3
10
11
