Error at line 3: symbol 'a' is already declared!
Error at line 6: symbol 'a' is already declared!
Error at line 7: symbol 'b' is already declared!
