Program
  List
    Function
      FunctionId
      List
      Block
        List
          DeclStmt
            Opt
          ReturnStmt
            IdUse
