main:
	fun
	fun1
	fun2
fun:
	fun
	fun1
	fun2
fun2:
	fun
	fun1
	fun2
fun1:
	fun1
