int fun() {
	while (a == b) {
		a = b;
	}
	return a;
}

