int fun() {
	int a = 1;
	while (1 == 1) {
		if (1 + 2 == 3) {
			int b = 1;
		}
	}
	return a;
}

