int fun() {
	return a + b;
}
int minusfun() {
	return b - a;
}

